미국 상장 종목 목록 조회 중...
  Nasdaq/NYSE/CBOE/OTC 상장 10403개 확보
  경고: JPM 응답이 너무 커서 건너뜀 (7.9MB)
  경고: BAC 응답이 너무 커서 건너뜀 (6.8MB)
  경고: CSCO 응답이 너무 커서 건너뜀 (6.1MB)
  경고: CYATY 조회 실패 - 원격 서버에서 (404) 찾을 수 없음 오류를 반환했습니다.
  경고: GE 응답이 너무 커서 건너뜀 (6.1MB)
  경고: HSBC us-gaap 데이터 없음
  경고: MS 응답이 너무 커서 건너뜀 (7.1MB)
  경고: NVS us-gaap 데이터 없음
  경고: RY us-gaap 데이터 없음
  경고: SHEL us-gaap 데이터 없음
  경고: AZN us-gaap 데이터 없음
  경고: WFC 응답이 너무 커서 건너뜀 (7.8MB)
  경고: SAP us-gaap 데이터 없음
  경고: C 응답이 너무 커서 건너뜀 (8.6MB)
  경고: NVO us-gaap 데이터 없음
  경고: RTNTF 조회 실패 - 원격 서버에서 (404) 찾을 수 없음 오류를 반환했습니다.
  경고: TD us-gaap 데이터 없음
  경고: KXIAY 조회 실패 - 원격 서버에서 (404) 찾을 수 없음 오류를 반환했습니다.
  경고: RIO us-gaap 데이터 없음
  경고: UBS us-gaap 데이터 없음
  경고: DTEGY 조회 실패 - 원격 서버에서 (404) 찾을 수 없음 오류를 반환했습니다.
  경고: SMFG us-gaap 데이터 없음
  진행: 110 / 10403 (이번 실행 신규 24개, 기존 보유 86 개)
  경고: BUD us-gaap 데이터 없음
  경고: SMERY 조회 실패 - 원격 서버에서 (404) 찾을 수 없음 오류를 반환했습니다.
  경고: UL us-gaap 데이터 없음
  경고: COF 응답이 너무 커서 건너뜀 (6.5MB)
  경고: BMO us-gaap 데이터 없음
  경고: BP us-gaap 데이터 없음
  경고: SPOT us-gaap 데이터 없음
  경고: SNY us-gaap 데이터 없음
  진행: 150 / 10403 (이번 실행 신규 33개, 기존 보유 117 개)
  경고: BNY 응답이 너무 커서 건너뜀 (7.8MB)
  경고: CM us-gaap 데이터 없음
  경고: CNQ us-gaap 데이터 없음
  경고: GSK us-gaap 데이터 없음
  경고: PNC 응답이 너무 커서 건너뜀 (6.1MB)
  경고: USB 응답이 너무 커서 건너뜀 (6.7MB)
  경고: ASX us-gaap 데이터 없음
  경고: MGCLY 조회 실패 - 원격 서버에서 (404) 찾을 수 없음 오류를 반환했습니다.
  경고: BN us-gaap 데이터 없음
  경고: BCS us-gaap 데이터 없음
  경고: SNHIY 조회 실패 - 원격 서버에서 (404) 찾을 수 없음 오류를 반환했습니다.
  진행: 200 / 10403 (이번 실행 신규 44개, 기존 보유 156 개)
  경고: TKOMY 조회 실패 - 원격 서버에서 (404) 찾을 수 없음 오류를 반환했습니다.
  경고: BAESY 조회 실패 - 원격 서버에서 (404) 찾을 수 없음 오류를 반환했습니다.
  경고: IFNNY 조회 실패 - 원격 서버에서 (404) 찾을 수 없음 오류를 반환했습니다.
  경고: NGG us-gaap 데이터 없음
  경고: RACE us-gaap 데이터 없음
  경고: NWG us-gaap 데이터 없음
  경고: DB us-gaap 데이터 없음
  경고: MFC us-gaap 데이터 없음
  경고: AMX us-gaap 데이터 없음
  경고: NU us-gaap 데이터 없음
  경고: WPM us-gaap 데이터 없음
  경고: JHPCY 조회 실패 - 원격 서버에서 (404) 찾을 수 없음 오류를 반환했습니다.
  경고: RELX us-gaap 데이터 없음
  경고: TFC 응답이 너무 커서 건너뜀 (6MB)
  경고: MET 응답이 너무 커서 건너뜀 (9.2MB)
  경고: CSLLY 조회 실패 - 원격 서버에서 (404) 찾을 수 없음 오류를 반환했습니다.
  경고: TAK us-gaap 데이터 없음
  경고: GWLIF 조회 실패 - 원격 서버에서 (404) 찾을 수 없음 오류를 반환했습니다.
  경고: AU us-gaap 데이터 없음
  경고: LSEGY 조회 실패 - 원격 서버에서 (404) 찾을 수 없음 오류를 반환했습니다.
  경고: MT us-gaap 데이터 없음
  경고: EONGY 조회 실패 - 원격 서버에서 (404) 찾을 수 없음 오류를 반환했습니다.
  경고: STT 응답이 너무 커서 건너뜀 (6.1MB)
  경고: FITB 응답이 너무 커서 건너뜀 (7.3MB)
  경고: FNV us-gaap 데이터 없음
  경고: GALDY 조회 실패 - 원격 서버에서 (404) 찾을 수 없음 오류를 반환했습니다.
  경고: INFY us-gaap 데이터 없음
  경고: CCEP us-gaap 데이터 없음
  진행: 350 / 10403 (이번 실행 신규 72개, 기존 보유 278 개)
  경고: TRI us-gaap 데이터 없음
  경고: FER us-gaap 데이터 없음
  경고: AGGI 데이터 부족 (quarters=6)
  경고: UMC us-gaap 데이터 없음
  경고: SLF us-gaap 데이터 없음
  경고: RBGLY 조회 실패 - 원격 서버에서 (404) 찾을 수 없음 오류를 반환했습니다.
  경고: HLN us-gaap 데이터 없음
  경고: ABEV us-gaap 데이터 없음
  경고: SMTOY 조회 실패 - 원격 서버에서 (404) 찾을 수 없음 오류를 반환했습니다.
  경고: PRU 응답이 너무 커서 건너뜀 (6.7MB)
  경고: BSBR us-gaap 데이터 없음
  경고: CCJ us-gaap 데이터 없음
  경고: SCMWY 조회 실패 - 원격 서버에서 (404) 찾을 수 없음 오류를 반환했습니다.
  경고: FMX us-gaap 데이터 없음
  경고: AIG 응답이 너무 커서 건너뜀 (6.9MB)
  경고: BMWKY 조회 실패 - 원격 서버에서 (404) 찾을 수 없음 오류를 반환했습니다.
  경고: VIK us-gaap 데이터 없음
  진행: 410 / 10403 (이번 실행 신규 89개, 기존 보유 321 개)
  경고: KGC us-gaap 데이터 없음
  경고: DLMAY 조회 실패 - 원격 서버에서 (404) 찾을 수 없음 오류를 반환했습니다.
  경고: NTR us-gaap 데이터 없음
  진행: 430 / 10403 (이번 실행 신규 92개, 기존 보유 338 개)
  경고: MTB 응답이 너무 커서 건너뜀 (6.1MB)
  경고: HBAN 응답이 너무 커서 건너뜀 (6.3MB)
  경고: FRFHF us-gaap 데이터 없음
  경고: CHT us-gaap 데이터 없음
  경고: ERIC 데이터 부족 (quarters=0)
  경고: RSHGY 조회 실패 - 원격 서버에서 (404) 찾을 수 없음 오류를 반환했습니다.
  진행: 450 / 10403 (이번 실행 신규 98개, 기존 보유 352 개)
  경고: CKHGF 조회 실패 - 원격 서버에서 (404) 찾을 수 없음 오류를 반환했습니다.
  경고: BBD 데이터 부족 (quarters=0)
  경고: TECK us-gaap 데이터 없음
  경고: UNVGY 조회 실패 - 원격 서버에서 (404) 찾을 수 없음 오류를 반환했습니다.
  경고: FSNUY 조회 실패 - 원격 서버에서 (404) 찾을 수 없음 오류를 반환했습니다.
  경고: KBGGY 조회 실패 - 원격 서버에서 (404) 찾을 수 없음 오류를 반환했습니다.
  진행: 490 / 10403 (이번 실행 신규 104개, 기존 보유 386 개)
  경고: PBA us-gaap 데이터 없음
  경고: RYAAY us-gaap 데이터 없음
  경고: PHG us-gaap 데이터 없음
  경고: CHLSY 조회 실패 - 원격 서버에서 (404) 찾을 수 없음 오류를 반환했습니다.
  경고: GFS us-gaap 데이터 없음
  경고: RF 응답이 너무 커서 건너뜀 (6.6MB)
  경고: BSP us-gaap 데이터 없음
  경고: GELHY 조회 실패 - 원격 서버에서 (404) 찾을 수 없음 오류를 반환했습니다.
  경고: IHG us-gaap 데이터 없음
  경고: KEY 응답이 너무 커서 건너뜀 (6.3MB)
  경고: CIB us-gaap 데이터 없음
  경고: EDPFY 조회 실패 - 원격 서버에서 (404) 찾을 수 없음 오류를 반환했습니다.
  경고: BCE us-gaap 데이터 없음
  경고: MTNOY 조회 실패 - 원격 서버에서 (404) 찾을 수 없음 오류를 반환했습니다.
  경고: HKHHY 조회 실패 - 원격 서버에서 (404) 찾을 수 없음 오류를 반환했습니다.
  경고: PAAS us-gaap 데이터 없음
  경고: CNGKY 조회 실패 - 원격 서버에서 (404) 찾을 수 없음 오류를 반환했습니다.
  경고: GMAB us-gaap 데이터 없음
  경고: STLA us-gaap 데이터 없음
  경고: RCI us-gaap 데이터 없음
  경고: TELNY 조회 실패 - 원격 서버에서 (404) 찾을 수 없음 오류를 반환했습니다.
  경고: WIT us-gaap 데이터 없음
  경고: WTKWY 조회 실패 - 원격 서버에서 (404) 찾을 수 없음 오류를 반환했습니다.
  경고: PKX us-gaap 데이터 없음
  경고: TRMOY 조회 실패 - 원격 서버에서 (404) 찾을 수 없음 오류를 반환했습니다.
  경고: ASND us-gaap 데이터 없음
  경고: ARNNY 조회 실패 - 원격 서버에서 (404) 찾을 수 없음 오류를 반환했습니다.
  경고: PHYS us-gaap 데이터 없음
  경고: SCRNY 조회 실패 - 원격 서버에서 (404) 찾을 수 없음 오류를 반환했습니다.
  경고: BEP us-gaap 데이터 없음
  경고: SBS us-gaap 데이터 없음
  경고: BAWAY 조회 실패 - 원격 서버에서 (404) 찾을 수 없음 오류를 반환했습니다.
  진행: 730 / 10403 (이번 실행 신규 137개, 기존 보유 593 개)
  경고: DSEEY 조회 실패 - 원격 서버에서 (404) 찾을 수 없음 오류를 반환했습니다.
  경고: GIB us-gaap 데이터 없음
  경고: TIGO us-gaap 데이터 없음
  경고: AGI us-gaap 데이터 없음
  경고: PUGBY 조회 실패 - 원격 서버에서 (404) 찾을 수 없음 오류를 반환했습니다.
  경고: EQX us-gaap 데이터 없음
  경고: SKM us-gaap 데이터 없음
  경고: GFL 데이터 부족 (quarters=0)
  경고: JBS us-gaap 데이터 없음
  경고: TME us-gaap 데이터 없음
  경고: TLK 데이터 부족 (quarters=0)
  진행: 760 / 10403 (이번 실행 신규 149개, 기존 보유 611 개)
  경고: GRAB 데이터 부족 (quarters=0)
  경고: PSLV us-gaap 데이터 없음
  진행: 780 / 10403 (이번 실행 신규 151개, 기존 보유 629 개)
  경고: LNTCY 조회 실패 - 원격 서버에서 (404) 찾을 수 없음 오류를 반환했습니다.
  진행: 790 / 10403 (이번 실행 신규 152개, 기존 보유 638 개)
  경고: BLMOY 조회 실패 - 원격 서버에서 (404) 찾을 수 없음 오류를 반환했습니다.
  경고: EMBJ us-gaap 데이터 없음
  경고: AEG 데이터 부족 (quarters=0)
  경고: ALLY 응답이 너무 커서 건너뜀 (7.3MB)
  진행: 830 / 10403 (이번 실행 신규 156개, 기존 보유 674 개)
  경고: VARRY 조회 실패 - 원격 서버에서 (404) 찾을 수 없음 오류를 반환했습니다.
  경고: OBICY 조회 실패 - 원격 서버에서 (404) 찾을 수 없음 오류를 반환했습니다.
  경고: HBM us-gaap 데이터 없음
  경고: PAC us-gaap 데이터 없음
  경고: SNN us-gaap 데이터 없음
  경고: MICC us-gaap 데이터 없음
  경고: BZLFY 조회 실패 - 원격 서버에서 (404) 찾을 수 없음 오류를 반환했습니다.
  경고: AKZOY us-gaap 데이터 없음
  경고: YARIY 조회 실패 - 원격 서버에서 (404) 찾을 수 없음 오류를 반환했습니다.
  경고: RTO us-gaap 데이터 없음
  경고: FHN 응답이 너무 커서 건너뜀 (6.4MB)
  경고: TMTNY 조회 실패 - 원격 서버에서 (404) 찾을 수 없음 오류를 반환했습니다.
  경고: CONE 조회 실패 - 원격 서버에서 (404) 찾을 수 없음 오류를 반환했습니다.
  경고: TFII us-gaap 데이터 없음
  경고: ENLT us-gaap 데이터 없음
  경고: NCLTY 조회 실패 - 원격 서버에서 (404) 찾을 수 없음 오류를 반환했습니다.
  경고: EGO us-gaap 데이터 없음
  경고: BPOP 응답이 너무 커서 건너뜀 (7.5MB)
  경고: DLAKY 조회 실패 - 원격 서버에서 (404) 찾을 수 없음 오류를 반환했습니다.
  경고: JEF 응답이 너무 커서 건너뜀 (6.4MB)
  경고: AES 응답이 너무 커서 건너뜀 (6.2MB)
  경고: SUZ us-gaap 데이터 없음
  진행: 940 / 10403 (이번 실행 신규 179개, 기존 보유 761 개)
  경고: AG us-gaap 데이터 없음
  경고: WTFC 응답이 너무 커서 건너뜀 (7.2MB)
  경고: CFR 응답이 너무 커서 건너뜀 (6.3MB)
  경고: ABVX us-gaap 데이터 없음
  경고: GIL us-gaap 데이터 없음
  경고: RDY us-gaap 데이터 없음
  진행: 970 / 10403 (이번 실행 신규 203개, 기존 보유 767 개)
  경고: ZION 응답이 너무 커서 건너뜀 (6.5MB)
  경고: ONON us-gaap 데이터 없음
  경고: ONB 응답이 너무 커서 건너뜀 (6.9MB)
  경고: PAYP us-gaap 데이터 없음
  경고: PSO us-gaap 데이터 없음
  진행: 990 / 10403 (이번 실행 신규 221개, 기존 보유 769 개)
  진행: 1000 / 10403 (이번 실행 신규 231개, 기존 보유 769 개)
